 KnowURLLM  (5 models)
Press / to search
 Rank  Tier  Model                Size     TPS     Quality    Fit                                                 
 ────────────────────────────────────────────────────────────────────────────                                     
 1      A    Model 0              4.0 GB   40      90          VRAM ✓                                             
 2      A    Model 1              4.0 GB   45      87          VRAM ✓                                             
 3      A    Model 2              4.0 GB   50      84          RAM                                                
 4      A    Model 3              4.0 GB   55      81          RAM                                                
 5      A    Model 4              4.0 GB   60      78          RAM                                                
                                                                                                                  
                                                                                                                  
                                                                                                                  
                                                                                                                  
                                                                                                                  
                                                                                                                  
                                                                                                                  
                                                                                                                  
                                                                                                                  
                                                                                                                  
                                                                                                                  
                                                                                                                  
                                                                                                                  
                                                                                                                  
                                                                                                                  
                                                                                                                  
                                                                                                                  
                                                                                                                  
                                                                                                                  
                                                                                                                  
                                                                                                                  
                                                                                                                  
                                                                                                                  
                                                                                                                  
                                                                                                                  
                                                                                                                  
   ↑↓/jk: navigate  /: search  tab: expand detail  v: VRAM  enter: select  q: quit  ?: help 